// Jest Snapshot v1, https://goo.gl/fbAQLP

exports[`Items matches snapshot 1`] = `ShallowWrapper {}`;
